============================= test session starts =============================
platform win32 -- Python 3.14.0, pytest-9.0.2, pluggy-1.6.0 -- C:\project_ultimate\.venv\Scripts\python.exe
cachedir: .pytest_cache
metadata: {'Python': '3.14.0', 'Platform': 'Windows-11-10.0.26100-SP0', 'Packages': {'pytest': '9.0.2', 'pluggy': '1.6.0'}, 'Plugins': {'anyio': '4.12.0', 'asyncio': '1.3.0', 'glow-report': '0.1.0', 'html': '4.0.2', 'metadata': '3.1.1', 'mockllm': '0.2.2', 'ordering': '0.6', 'rerunfailures': '16.1', 'xdist': '3.8.0', 'seleniumbase': '4.45.6'}}
rootdir: C:\project_ultimate
configfile: pyproject.toml
plugins: anyio-4.12.0, asyncio-1.3.0, glow-report-0.1.0, html-4.0.2, metadata-3.1.1, mockllm-0.2.2, ordering-0.6, rerunfailures-16.1, xdist-3.8.0, seleniumbase-4.45.6
asyncio: mode=Mode.STRICT, debug=False, asyncio_default_fixture_loop_scope=None, asyncio_default_test_loop_scope=function
collecting ... collected 2 items

tests/unit/test_executor_healing.py::test_executor_js_fallback PASSED    [ 50%]
tests/unit/test_executor_healing.py::test_executor_stale_recovery PASSED [100%]Report generated: reports\report.html


============================== 2 passed in 2.11s ==============================
